[06:59:28] [main/INFO] (FabricLoader/GameProvider) Loading Minecraft 26.1.1 with Fabric Loader 0.18.6
[06:59:28] [main/INFO] (FabricLoader/Mappings) Mappings not present!
[06:59:28] [main/INFO] (FabricLoader) Loading 53 mods:
	- better_lost_items 1.0
	- fabric-api 0.145.4+26.1.1
	- fabric-api-base 2.0.3+ece06323b3
	- fabric-api-lookup-api-v1 2.0.10+d5a053b6b3
	- fabric-biome-api-v1 18.0.4+35c80edcb3
	- fabric-block-api-v1 3.0.2+ec56b601b3
	- fabric-block-getter-api-v2 2.0.6+ec56b601b3
	- fabric-client-gametest-api-v1 5.0.14+9c219671b3
	- fabric-command-api-v2 3.0.5+e2bdee78b3
	- fabric-content-registries-v0 11.0.12+d871b99eb3
	- fabric-convention-tags-v2 4.3.2+c37e6e5fb3
	- fabric-crash-report-info-v1 1.0.3+9f78a5a8b3
	- fabric-creative-tab-api-v1 5.0.10+d871b99eb3
	- fabric-data-attachment-api-v1 2.2.3+d602a896b3
	- fabric-data-generation-api-v1 24.0.17+35c80edcb3
	- fabric-debug-api-v1 1.0.1+c792624db3
	- fabric-dimensions-v1 5.1.4+9cbf5da5b3
	- fabric-entity-events-v1 5.0.2+e2bdee78b3
	- fabric-events-interaction-v0 5.1.10+c82f0461b3
	- fabric-game-rule-api-v1 4.0.5+d871b99eb3
	- fabric-gametest-api-v1 4.0.13+00a1fba6b3
	- fabric-item-api-v1 14.1.0+9833182cb3
	- fabric-key-binding-api-v1 1.1.8+9c919dacc9
	- fabric-key-mapping-api-v1 2.0.4+e2bdee78b3
	- fabric-lifecycle-events-v1 4.0.6+a9b9c176b3
	- fabric-loot-api-v3 3.0.11+00a1fba6b3
	- fabric-menu-api-v1 2.0.12+d871b99eb3
	- fabric-message-api-v1 7.0.5+dae8ce3eb3
	- fabric-model-loading-api-v1 8.0.3+c80601bbb3
	- fabric-networking-api-v1 6.3.0+50a808ceb3
	- fabric-object-builder-api-v1 23.0.13+b61fef43b3
	- fabric-particles-v1 5.0.14+b61fef43b3
	- fabric-recipe-api-v1 9.0.13+be4b75aeb3
	- fabric-registry-sync-v0 7.0.12+b61fef43b3
	- fabric-renderer-api-v1 13.0.0+c80601bbb3
	- fabric-renderer-indigo 8.0.2+a6be36efb3
	- fabric-rendering-fluids-v1 6.0.1+d871b99eb3
	- fabric-rendering-v1 23.0.4+c7e428fdb3
	- fabric-resource-conditions-api-v1 6.0.5+00a1fba6b3
	- fabric-resource-loader-v0 3.3.16+4fc5413fb3
	- fabric-resource-loader-v1 2.0.9+d871b99eb3
	- fabric-screen-api-v1 5.0.1+d871b99eb3
	- fabric-serialization-api-v1 2.0.3+11a26f31b3
	- fabric-sound-api-v1 2.0.4+11a26f31b3
	- fabric-tag-api-v1 2.0.9+11a26f31b3
	- fabric-transfer-api-v1 8.0.2+d871b99eb3
	- fabric-transitive-access-wideners-v1 8.0.11+d871b99eb3
	- fabricloader 0.18.6
	- java 25
	- minecraft 26.1.1
	- mixinextras 0.5.3
	- modmenu 18.0.0-alpha.8
	   \-- placeholder-api 3.0.0-beta.2+26.1
[06:59:28] [main/WARN] (FabricLoader/ModRemap) Runtime mod remapping disabled due to no fabric.remapClasspathFile being specified. You may need to update loom.
[06:59:28] [main/INFO] (FabricLoader/Mixin) SpongePowered MIXIN Subsystem Version=0.8.7 Source=file:/C:/Users/texca/.gradle/caches/modules-2/files-2.1/net.fabricmc/sponge-mixin/0.17.0+mixin.0.8.7/cf31463202f72d03b0ef1e1e38e8ee71b7faaab6/sponge-mixin-0.17.0+mixin.0.8.7.jar Service=Knot/Fabric Env=CLIENT
[06:59:28] [main/INFO] (FabricLoader/Mixin) Compatibility level set to JAVA_25
[06:59:29] [main/INFO] (FabricLoader/MixinExtras|Service) Initializing MixinExtras via com.llamalad7.mixinextras.service.MixinExtrasServiceImpl(version=0.5.3).
[06:59:30] [Datafixer Bootstrap/INFO] (Minecraft) 291 Datafixer optimizations took 204 milliseconds
[06:59:34] [Render thread/INFO] (Minecraft) Environment: Environment[sessionHost=https://sessionserver.mojang.com, servicesHost=https://api.minecraftservices.com, profilesHost=https://api.mojang.com, name=PROD]
[06:59:34] [Render thread/INFO] (Minecraft) Setting user: Player248
[06:59:34] [Render thread/INFO] (Indigo) [Indigo] Registering Indigo renderer!
[06:59:34] [Download-2/ERROR] (Minecraft) Failed to fetch user properties
com.mojang.authlib.exceptions.InvalidCredentialsException: Status: 401
	at knot//com.mojang.authlib.exceptions.MinecraftClientHttpException.toAuthenticationException(MinecraftClientHttpException.java:59)
	at knot//com.mojang.authlib.yggdrasil.YggdrasilUserApiService.fetchProperties(YggdrasilUserApiService.java:150)
	at knot//net.minecraft.client.Minecraft.lambda$new$1(Minecraft.java:459)
	at java.base/java.util.concurrent.CompletableFuture$AsyncSupply.run(CompletableFuture.java:1789)
	at java.base/java.util.concurrent.ThreadPoolExecutor.runWorker(ThreadPoolExecutor.java:1090)
	at java.base/java.util.concurrent.ThreadPoolExecutor$Worker.run(ThreadPoolExecutor.java:614)
	at java.base/java.lang.Thread.run(Thread.java:1474)
Caused by: com.mojang.authlib.exceptions.MinecraftClientHttpException: Status: 401
	at knot//com.mojang.authlib.minecraft.client.MinecraftClient.readInputStream(MinecraftClient.java:103)
	at knot//com.mojang.authlib.minecraft.client.MinecraftClient.get(MinecraftClient.java:56)
	at knot//com.mojang.authlib.yggdrasil.YggdrasilUserApiService.fetchProperties(YggdrasilUserApiService.java:121)
	... 5 more
[06:59:34] [Render thread/INFO] (Mod Menu/Update Checker) Checking mod updates...
[06:59:35] [Render thread/INFO] (Minecraft) Backend library: LWJGL version 3.4.1-snapshot
[06:59:35] [Download-2/INFO] (Mod Menu/Update Checker) Update available for 'fabric-api@0.145.4+26.1.1', (-> 0.145.4+26.1.2)
[06:59:35] [Render thread/INFO] (Minecraft) Using optional rendering extensions: GL_ARB_buffer_storage, GL_KHR_debug, GL_ARB_vertex_attrib_binding, GL_ARB_direct_state_access, GL_EXT_texture_filter_anisotropic
[06:59:36] [Render thread/INFO] (Minecraft) Reloading ResourceManager: vanilla, better_lost_items, fabric-api, fabric-api-base, fabric-api-lookup-api-v1, fabric-biome-api-v1, fabric-block-api-v1, fabric-block-getter-api-v2, fabric-client-gametest-api-v1, fabric-command-api-v2, fabric-content-registries-v0, fabric-convention-tags-v2, fabric-crash-report-info-v1, fabric-creative-tab-api-v1, fabric-data-attachment-api-v1, fabric-data-generation-api-v1, fabric-debug-api-v1, fabric-dimensions-v1, fabric-entity-events-v1, fabric-events-interaction-v0, fabric-game-rule-api-v1, fabric-gametest-api-v1, fabric-item-api-v1, fabric-key-binding-api-v1, fabric-key-mapping-api-v1, fabric-lifecycle-events-v1, fabric-loot-api-v3, fabric-menu-api-v1, fabric-message-api-v1, fabric-model-loading-api-v1, fabric-networking-api-v1, fabric-object-builder-api-v1, fabric-particles-v1, fabric-recipe-api-v1, fabric-registry-sync-v0, fabric-renderer-api-v1, fabric-renderer-indigo, fabric-rendering-fluids-v1, fabric-rendering-v1, fabric-resource-conditions-api-v1, fabric-resource-loader-v0, fabric-resource-loader-v1, fabric-screen-api-v1, fabric-serialization-api-v1, fabric-sound-api-v1, fabric-tag-api-v1, fabric-transfer-api-v1, fabric-transitive-access-wideners-v1, fabricloader, modmenu, placeholder-api
[06:59:36] [Worker-Main-11/INFO] (Minecraft) Found unifont_pua-17.0.01.hex, loading
[06:59:36] [Worker-Main-3/INFO] (Minecraft) Found unifont_all_no_pua-17.0.01.hex, loading
[06:59:36] [Worker-Main-13/INFO] (Minecraft) Found unifont_jp_patch-17.0.01.hex, loading
[06:59:36] [Download-2/INFO] (Minecraft) Could not authorize you against Realms server: java.lang.RuntimeException: Failed to parse into SignedJWT: FabricMC
[06:59:36] [Download-2/ERROR] (Minecraft) Failed to fetch Realms feature flags
com.mojang.realmsclient.exception.RealmsServiceException: Realms authentication error with message 'java.lang.RuntimeException: Failed to parse into SignedJWT: FabricMC'
	at knot//com.mojang.realmsclient.client.RealmsClient.execute(RealmsClient.java:526)
	at knot//com.mojang.realmsclient.client.RealmsClient.fetchFeatureFlags(RealmsClient.java:186)
	at java.base/java.util.concurrent.CompletableFuture$AsyncSupply.run(CompletableFuture.java:1789)
	at java.base/java.util.concurrent.ThreadPoolExecutor.runWorker(ThreadPoolExecutor.java:1090)
	at java.base/java.util.concurrent.ThreadPoolExecutor$Worker.run(ThreadPoolExecutor.java:614)
	at java.base/java.lang.Thread.run(Thread.java:1474)
[06:59:37] [Render thread/INFO] (Minecraft) OpenAL initialized on device OpenAL Soft on Speakers (Razer BlackShark V2 Pro)
[06:59:37] [Render thread/INFO] (Minecraft) Sound engine started
[06:59:37] [Render thread/INFO] (Minecraft) Created: 512x256x0 minecraft:textures/atlas/particles.png-atlas
[06:59:37] [Render thread/INFO] (Minecraft) Created: 128x128x0 minecraft:textures/atlas/decorated_pot.png-atlas
[06:59:37] [Render thread/INFO] (Minecraft) Created: 2048x1024x0 minecraft:textures/atlas/armor_trims.png-atlas
[06:59:37] [Render thread/INFO] (Minecraft) Created: 512x256x0 minecraft:textures/atlas/paintings.png-atlas
[06:59:37] [Render thread/INFO] (Minecraft) Created: 1024x512x0 minecraft:textures/atlas/shield_patterns.png-atlas
[06:59:37] [Render thread/INFO] (Minecraft) Created: 2048x2048x4 minecraft:textures/atlas/blocks.png-atlas
[06:59:37] [Render thread/INFO] (Minecraft) Created: 512x512x0 minecraft:textures/atlas/chest.png-atlas
[06:59:37] [Render thread/INFO] (Minecraft) Created: 256x128x0 minecraft:textures/atlas/celestials.png-atlas
[06:59:37] [Render thread/INFO] (Minecraft) Created: 1024x512x0 minecraft:textures/atlas/banner_patterns.png-atlas
[06:59:37] [Render thread/INFO] (Minecraft) Created: 512x512x0 minecraft:textures/atlas/beds.png-atlas
[06:59:37] [Render thread/INFO] (Minecraft) Created: 1024x512x0 minecraft:textures/atlas/items.png-atlas
[06:59:37] [Render thread/INFO] (Minecraft) Created: 1024x1024x0 minecraft:textures/atlas/gui.png-atlas
[06:59:37] [Render thread/INFO] (Minecraft) Created: 128x64x0 minecraft:textures/atlas/map_decorations.png-atlas
[06:59:37] [Render thread/INFO] (Minecraft) Created: 512x256x0 minecraft:textures/atlas/signs.png-atlas
[06:59:37] [Render thread/INFO] (Minecraft) Created: 512x512x0 minecraft:textures/atlas/shulker_boxes.png-atlas
[06:59:37] [IO-Worker-1/INFO] (Minecraft) Could not authorize you against Realms server: java.lang.RuntimeException: Failed to parse into SignedJWT: FabricMC
[06:59:37] [IO-Worker-1/ERROR] (Minecraft) Couldn't connect to realms
com.mojang.realmsclient.exception.RealmsServiceException: Realms authentication error with message 'java.lang.RuntimeException: Failed to parse into SignedJWT: FabricMC'
	at knot//com.mojang.realmsclient.client.RealmsClient.execute(RealmsClient.java:526)
	at knot//com.mojang.realmsclient.client.RealmsClient.clientCompatible(RealmsClient.java:307)
	at knot//com.mojang.realmsclient.RealmsAvailability.lambda$check$0(RealmsAvailability.java:48)
	at java.base/java.util.concurrent.CompletableFuture$AsyncSupply.run(CompletableFuture.java:1789)
	at java.base/java.util.concurrent.ThreadPoolExecutor.runWorker(ThreadPoolExecutor.java:1090)
	at java.base/java.util.concurrent.ThreadPoolExecutor$Worker.run(ThreadPoolExecutor.java:614)
	at java.base/java.lang.Thread.run(Thread.java:1474)
[07:00:54] [Render thread/INFO] (Minecraft) Loaded 1515 recipes
[07:00:54] [Render thread/INFO] (Minecraft) Loaded 1617 advancements
[07:00:54] [Render thread/INFO] (BiomeModificationImpl) Applied 0 biome modifications to 0 of 65 new biomes in 840.1 μs
[07:00:54] [Server thread/INFO] (Minecraft) Starting integrated minecraft server version 26.1.1
[07:00:54] [Server thread/INFO] (Minecraft) Generating keypair
[07:00:55] [Server thread/INFO] (Minecraft) Loading 0 persistent chunks...
[07:00:55] [Server thread/INFO] (Minecraft) Preparing spawn area: 16%
[07:00:55] [Server thread/INFO] (Minecraft) Saving chunks for level 'ServerLevel[Test]'/minecraft:overworld
[07:00:55] [Server thread/INFO] (Minecraft) Saving chunks for level 'ServerLevel[Test]'/minecraft:the_end
[07:00:55] [Server thread/INFO] (Minecraft) Saving chunks for level 'ServerLevel[Test]'/minecraft:the_nether
[07:00:55] [Server thread/INFO] (Minecraft) ThreadedAnvilChunkStorage (world): All chunks are saved
[07:00:55] [Server thread/INFO] (Minecraft) ThreadedAnvilChunkStorage (DIM1): All chunks are saved
[07:00:55] [Server thread/INFO] (Minecraft) ThreadedAnvilChunkStorage (DIM-1): All chunks are saved
[07:00:55] [Server thread/INFO] (Minecraft) ThreadedAnvilChunkStorage: All dimensions are saved
[07:00:55] [Server thread/INFO] (Minecraft) Loading 49 chunks for player spawn...
[07:00:55] [Server thread/INFO] (Minecraft) Preparing spawn area: 16%
[07:00:56] [Server thread/INFO] (Minecraft) Time elapsed: 982 ms
[07:00:56] [Server thread/INFO] (Minecraft) Player248[local:E:531228dd] logged in with entity id 73 at (71.04054615200697, 64.0, 22.221217882547467)
[07:00:56] [Server thread/INFO] (Minecraft) Player248 joined the game
[07:00:56] [Render thread/INFO] (Minecraft) Resizing Dynamic Transforms UBO, capacity limit of 2 reached during a single frame. New capacity will be 4.
[07:00:56] [Server thread/INFO] (Minecraft) Changing view distance to 16, from 10
[07:00:56] [Server thread/INFO] (Minecraft) Changing simulation distance to 12, from 0
[07:00:56] [Render thread/INFO] (Minecraft) Loaded 40 advancements
[07:00:56] [Render thread/INFO] (Minecraft) Resizing Dynamic Transforms UBO, capacity limit of 4 reached during a single frame. New capacity will be 8.
[07:00:56] [Render thread/INFO] (Minecraft) Resizing Chunk Sections UBO, capacity limit of 2 reached during a single frame. New capacity will be 4.
[07:00:56] [Render thread/INFO] (Minecraft) Resizing Chunk Sections UBO, capacity limit of 4 reached during a single frame. New capacity will be 8.
[07:00:56] [Render thread/INFO] (Minecraft) Resizing Chunk Sections UBO, capacity limit of 8 reached during a single frame. New capacity will be 16.
[07:00:56] [Render thread/INFO] (Minecraft) Resizing Dynamic Transforms UBO, capacity limit of 8 reached during a single frame. New capacity will be 16.
[07:00:56] [Render thread/INFO] (Minecraft) Resizing Chunk Sections UBO, capacity limit of 16 reached during a single frame. New capacity will be 32.
[07:00:56] [Render thread/INFO] (Minecraft) Resizing Chunk Sections UBO, capacity limit of 32 reached during a single frame. New capacity will be 64.
[07:00:56] [Render thread/INFO] (Minecraft) Resizing Chunk Sections UBO, capacity limit of 64 reached during a single frame. New capacity will be 128.
[07:00:57] [Render thread/INFO] (Minecraft) Resizing Chunk Sections UBO, capacity limit of 128 reached during a single frame. New capacity will be 256.
[07:00:57] [Render thread/INFO] (Minecraft) Resizing Chunk Sections UBO, capacity limit of 256 reached during a single frame. New capacity will be 512.
[07:00:57] [Render thread/INFO] (Minecraft) Resizing Dynamic Transforms UBO, capacity limit of 16 reached during a single frame. New capacity will be 32.
[07:00:58] [Render thread/INFO] (Minecraft) Resizing Chunk Sections UBO, capacity limit of 512 reached during a single frame. New capacity will be 1024.
[07:00:58] [Server thread/INFO] (better_lost_items) [BLI DEBUG] openPreferredScreen trader=1f85f362-9a28-4869-8b3e-44aed7f2907b player=Player248 (8f2ecf49-60e3-3c84-b5c7-945f8f24636d) marketCount=8 recoveryCount=0 lockedSelection=true
[07:00:58] [Server thread/INFO] (better_lost_items) [BLI DEBUG] createMarketOffer entryId=1ee6b54f-ca02-4b3d-9dbf-3ef5f4122924 stack=1x minecraft:acacia_boat [Acacia Boat] priceValue=2 primaryCost=2x minecraft:emerald [Emerald] secondaryCost=<none>
[07:00:58] [Server thread/INFO] (better_lost_items) [BLI DEBUG] createMarketOffer entryId=94bf8444-db1e-4daa-8027-b3c7eddfc5b7 stack=64x minecraft:diamond [Diamond] priceValue=4 primaryCost=4x minecraft:emerald [Emerald] secondaryCost=<none>
[07:00:58] [Server thread/INFO] (better_lost_items) [BLI DEBUG] createMarketOffer entryId=2c13b65e-ee61-42e5-bfb2-86912f74642c stack=1x minecraft:light_gray_wool [Light Gray Wool] priceValue=1 primaryCost=1x minecraft:emerald [Emerald] secondaryCost=<none>
[07:00:58] [Server thread/INFO] (better_lost_items) [BLI DEBUG] createMarketOffer entryId=8d7fbc7e-ea4e-4f9c-b2fc-086574c7ac9c stack=16x minecraft:brown_egg [Brown Egg] priceValue=3 primaryCost=3x minecraft:emerald [Emerald] secondaryCost=<none>
[07:00:58] [Server thread/INFO] (better_lost_items) [BLI DEBUG] createMarketOffer entryId=5156cadd-b8a7-48de-bed6-413a8ae08fa8 stack=1x minecraft:potion [Uncraftable Potion] priceValue=2 primaryCost=2x minecraft:emerald [Emerald] secondaryCost=<none>
[07:00:58] [Server thread/INFO] (better_lost_items) [BLI DEBUG] createMarketOffer entryId=b5fc65e0-f9e3-4f74-8ec9-a7c910ca17f8 stack=35x minecraft:emerald [Emerald] priceValue=3 primaryCost=3x minecraft:emerald [Emerald] secondaryCost=<none>
[07:00:58] [Server thread/INFO] (better_lost_items) [BLI DEBUG] createMarketOffer entryId=92b70f43-22ab-4cc6-b54c-ba6084c6c4b6 stack=21x minecraft:bone [Bone] priceValue=3 primaryCost=3x minecraft:emerald [Emerald] secondaryCost=<none>
[07:00:58] [Server thread/INFO] (better_lost_items) [BLI DEBUG] createMarketOffer entryId=3b706873-887c-4e4e-b594-59e36c3faf90 stack=53x minecraft:armadillo_scute [Armadillo Scute] priceValue=4 primaryCost=4x minecraft:emerald [Emerald] secondaryCost=<none>
[07:00:58] [Server thread/INFO] (better_lost_items) [BLI DEBUG] openMarketScreen trader=1f85f362-9a28-4869-8b3e-44aed7f2907b player=Player248 (8f2ecf49-60e3-3c84-b5c7-945f8f24636d) offerCount=8 recoveryCount=0 emeraldsBeforeOpen=143
[07:01:05] [Server thread/INFO] (better_lost_items) [BLI DEBUG] openPreferredScreen trader=1f85f362-9a28-4869-8b3e-44aed7f2907b player=Player248 (8f2ecf49-60e3-3c84-b5c7-945f8f24636d) marketCount=8 recoveryCount=0 lockedSelection=true
[07:01:05] [Server thread/INFO] (better_lost_items) [BLI DEBUG] createMarketOffer entryId=1ee6b54f-ca02-4b3d-9dbf-3ef5f4122924 stack=1x minecraft:acacia_boat [Acacia Boat] priceValue=2 primaryCost=2x minecraft:emerald [Emerald] secondaryCost=<none>
[07:01:05] [Server thread/INFO] (better_lost_items) [BLI DEBUG] createMarketOffer entryId=94bf8444-db1e-4daa-8027-b3c7eddfc5b7 stack=64x minecraft:diamond [Diamond] priceValue=4 primaryCost=4x minecraft:emerald [Emerald] secondaryCost=<none>
[07:01:05] [Server thread/INFO] (better_lost_items) [BLI DEBUG] createMarketOffer entryId=2c13b65e-ee61-42e5-bfb2-86912f74642c stack=1x minecraft:light_gray_wool [Light Gray Wool] priceValue=1 primaryCost=1x minecraft:emerald [Emerald] secondaryCost=<none>
[07:01:05] [Server thread/INFO] (better_lost_items) [BLI DEBUG] createMarketOffer entryId=8d7fbc7e-ea4e-4f9c-b2fc-086574c7ac9c stack=16x minecraft:brown_egg [Brown Egg] priceValue=3 primaryCost=3x minecraft:emerald [Emerald] secondaryCost=<none>
[07:01:05] [Server thread/INFO] (better_lost_items) [BLI DEBUG] createMarketOffer entryId=5156cadd-b8a7-48de-bed6-413a8ae08fa8 stack=1x minecraft:potion [Uncraftable Potion] priceValue=2 primaryCost=2x minecraft:emerald [Emerald] secondaryCost=<none>
[07:01:05] [Server thread/INFO] (better_lost_items) [BLI DEBUG] createMarketOffer entryId=b5fc65e0-f9e3-4f74-8ec9-a7c910ca17f8 stack=35x minecraft:emerald [Emerald] priceValue=3 primaryCost=3x minecraft:emerald [Emerald] secondaryCost=<none>
[07:01:05] [Server thread/INFO] (better_lost_items) [BLI DEBUG] createMarketOffer entryId=92b70f43-22ab-4cc6-b54c-ba6084c6c4b6 stack=21x minecraft:bone [Bone] priceValue=3 primaryCost=3x minecraft:emerald [Emerald] secondaryCost=<none>
[07:01:05] [Server thread/INFO] (better_lost_items) [BLI DEBUG] createMarketOffer entryId=3b706873-887c-4e4e-b594-59e36c3faf90 stack=53x minecraft:armadillo_scute [Armadillo Scute] priceValue=4 primaryCost=4x minecraft:emerald [Emerald] secondaryCost=<none>
[07:01:05] [Server thread/INFO] (better_lost_items) [BLI DEBUG] openMarketScreen trader=1f85f362-9a28-4869-8b3e-44aed7f2907b player=Player248 (8f2ecf49-60e3-3c84-b5c7-945f8f24636d) offerCount=8 recoveryCount=0 emeraldsBeforeOpen=0
[07:01:19] [Server thread/INFO] (better_lost_items) [BLI DEBUG] Despawn storing UNCLAIMED entityId=65 age=6000 stack=2x minecraft:glow_ink_sac [Glow Ink Sac]
[07:01:19] [Server thread/INFO] (better_lost_items) [BLI DEBUG] Storage addUnclaimed stack=2x minecraft:glow_ink_sac [Glow Ink Sac]
[07:01:27] [Server thread/INFO] (better_lost_items) [BLI DEBUG] Despawn storing UNCLAIMED entityId=401 age=6000 stack=1x minecraft:brown_egg [Brown Egg]
[07:01:27] [Server thread/INFO] (better_lost_items) [BLI DEBUG] Storage addUnclaimed stack=1x minecraft:brown_egg [Brown Egg]
[07:01:33] [Server thread/INFO] (better_lost_items) [BLI DEBUG] Despawn storing UNCLAIMED entityId=282 age=6000 stack=1x minecraft:armadillo_scute [Armadillo Scute]
[07:01:33] [Server thread/INFO] (better_lost_items) [BLI DEBUG] Storage addUnclaimed stack=1x minecraft:armadillo_scute [Armadillo Scute]
[07:01:40] [Server thread/INFO] (better_lost_items) [BLI DEBUG] Despawn storing UNCLAIMED entityId=303 age=6000 stack=1x minecraft:brown_egg [Brown Egg]
[07:01:40] [Server thread/INFO] (better_lost_items) [BLI DEBUG] Storage addUnclaimed stack=1x minecraft:brown_egg [Brown Egg]
[07:01:47] [Server thread/INFO] (Minecraft) Player248 has made the advancement [Stone Age]
[07:01:47] [Render thread/INFO] (Minecraft) [System] [CHAT] Player248 has made the advancement [Stone Age]
[07:01:47] [Render thread/INFO] (Minecraft) Loaded 59 advancements
[07:02:05] [Render thread/INFO] (Minecraft) Loaded 67 advancements
[07:02:12] [Server thread/INFO] (better_lost_items) [BLI DEBUG] Despawn storing UNCLAIMED entityId=467 age=6000 stack=1x minecraft:brown_egg [Brown Egg]
[07:02:12] [Server thread/INFO] (better_lost_items) [BLI DEBUG] Storage addUnclaimed stack=1x minecraft:brown_egg [Brown Egg]
[07:02:26] [Server thread/INFO] (better_lost_items) [BLI DEBUG] openPreferredScreen trader=8136b8dc-e36d-43f2-9d9d-c439ba61f9a8 player=Player248 (8f2ecf49-60e3-3c84-b5c7-945f8f24636d) marketCount=0 recoveryCount=0 lockedSelection=true
[07:02:28] [Server thread/INFO] (better_lost_items) [BLI DEBUG] openPreferredScreen trader=8136b8dc-e36d-43f2-9d9d-c439ba61f9a8 player=Player248 (8f2ecf49-60e3-3c84-b5c7-945f8f24636d) marketCount=0 recoveryCount=0 lockedSelection=true
[07:02:31] [Server thread/INFO] (better_lost_items) [BLI DEBUG] openPreferredScreen trader=8136b8dc-e36d-43f2-9d9d-c439ba61f9a8 player=Player248 (8f2ecf49-60e3-3c84-b5c7-945f8f24636d) marketCount=0 recoveryCount=0 lockedSelection=true
[07:02:31] [Server thread/INFO] (better_lost_items) [BLI DEBUG] openPreferredScreen trader=8136b8dc-e36d-43f2-9d9d-c439ba61f9a8 player=Player248 (8f2ecf49-60e3-3c84-b5c7-945f8f24636d) marketCount=0 recoveryCount=0 lockedSelection=true
[07:02:36] [Server thread/INFO] (Minecraft) Saving and pausing game...
[07:02:36] [Server thread/INFO] (Minecraft) Saving chunks for level 'ServerLevel[Test]'/minecraft:overworld
[07:02:36] [Server thread/INFO] (Minecraft) Saving chunks for level 'ServerLevel[Test]'/minecraft:the_end
[07:02:36] [Server thread/INFO] (Minecraft) Saving chunks for level 'ServerLevel[Test]'/minecraft:the_nether
[07:02:40] [Server thread/INFO] (better_lost_items) [BLI DEBUG] openPreferredScreen trader=8136b8dc-e36d-43f2-9d9d-c439ba61f9a8 player=Player248 (8f2ecf49-60e3-3c84-b5c7-945f8f24636d) marketCount=0 recoveryCount=0 lockedSelection=true
[07:02:41] [Server thread/INFO] (better_lost_items) [BLI DEBUG] Despawn storing UNCLAIMED entityId=210 age=6000 stack=1x minecraft:brown_egg [Brown Egg]
[07:02:41] [Server thread/INFO] (better_lost_items) [BLI DEBUG] Storage addUnclaimed stack=1x minecraft:brown_egg [Brown Egg]
[07:02:46] [Render thread/INFO] (Minecraft) [System] [CHAT] Saved screenshot as 2026-04-11_07.02.46.png
[07:03:02] [Server thread/INFO] (better_lost_items) [BLI DEBUG] Despawn storing UNCLAIMED entityId=442 age=6000 stack=1x minecraft:brown_egg [Brown Egg]
[07:03:02] [Server thread/INFO] (better_lost_items) [BLI DEBUG] Storage addUnclaimed stack=1x minecraft:brown_egg [Brown Egg]
[07:03:07] [Render thread/INFO] (Minecraft) Resizing Chunk Sections UBO, capacity limit of 1024 reached during a single frame. New capacity will be 2048.
[07:03:12] [Server thread/INFO] (Minecraft) Player248 was killed
[07:03:12] [Server thread/INFO] (better_lost_items) [BLI DEBUG] Starting death-drop tracking for player 8f2ecf49-60e3-3c84-b5c7-945f8f24636d cause=genericKill
[07:03:12] [Server thread/INFO] (better_lost_items) [BLI DEBUG] Tagged death drop entityId=1644 owner=8f2ecf49-60e3-3c84-b5c7-945f8f24636d stack=1x minecraft:diamond_pickaxe [Diamond Pickaxe]
[07:03:12] [Server thread/INFO] (better_lost_items) [BLI DEBUG] ServerLevel.addFreshEntity tagged death drop entityId=1644 owner=8f2ecf49-60e3-3c84-b5c7-945f8f24636d stack=1x minecraft:diamond_pickaxe [Diamond Pickaxe]
[07:03:12] [Server thread/INFO] (better_lost_items) [BLI DEBUG] Tagged death drop entityId=1645 owner=8f2ecf49-60e3-3c84-b5c7-945f8f24636d stack=1x minecraft:diamond_sword [Diamond Sword]
[07:03:12] [Server thread/INFO] (better_lost_items) [BLI DEBUG] ServerLevel.addFreshEntity tagged death drop entityId=1645 owner=8f2ecf49-60e3-3c84-b5c7-945f8f24636d stack=1x minecraft:diamond_sword [Diamond Sword]
[07:03:12] [Server thread/INFO] (better_lost_items) [BLI DEBUG] Tagged death drop entityId=1646 owner=8f2ecf49-60e3-3c84-b5c7-945f8f24636d stack=1x minecraft:diamond_axe [Diamond Axe]
[07:03:12] [Server thread/INFO] (better_lost_items) [BLI DEBUG] ServerLevel.addFreshEntity tagged death drop entityId=1646 owner=8f2ecf49-60e3-3c84-b5c7-945f8f24636d stack=1x minecraft:diamond_axe [Diamond Axe]
[07:03:12] [Server thread/INFO] (better_lost_items) [BLI DEBUG] Tagged death drop entityId=1647 owner=8f2ecf49-60e3-3c84-b5c7-945f8f24636d stack=19x minecraft:cooked_beef [Steak]
[07:03:12] [Server thread/INFO] (better_lost_items) [BLI DEBUG] ServerLevel.addFreshEntity tagged death drop entityId=1647 owner=8f2ecf49-60e3-3c84-b5c7-945f8f24636d stack=19x minecraft:cooked_beef [Steak]
[07:03:12] [Server thread/INFO] (better_lost_items) [BLI DEBUG] Tagged death drop entityId=1648 owner=8f2ecf49-60e3-3c84-b5c7-945f8f24636d stack=64x minecraft:dirt [Dirt]
[07:03:12] [Server thread/INFO] (better_lost_items) [BLI DEBUG] ServerLevel.addFreshEntity tagged death drop entityId=1648 owner=8f2ecf49-60e3-3c84-b5c7-945f8f24636d stack=64x minecraft:dirt [Dirt]
[07:03:12] [Server thread/INFO] (better_lost_items) [BLI DEBUG] Tagged death drop entityId=1649 owner=8f2ecf49-60e3-3c84-b5c7-945f8f24636d stack=9x minecraft:dirt [Dirt]
[07:03:12] [Server thread/INFO] (better_lost_items) [BLI DEBUG] ServerLevel.addFreshEntity tagged death drop entityId=1649 owner=8f2ecf49-60e3-3c84-b5c7-945f8f24636d stack=9x minecraft:dirt [Dirt]
[07:03:12] [Server thread/INFO] (better_lost_items) [BLI DEBUG] Tagged death drop entityId=1650 owner=8f2ecf49-60e3-3c84-b5c7-945f8f24636d stack=64x minecraft:cobblestone [Cobblestone]
[07:03:12] [Server thread/INFO] (better_lost_items) [BLI DEBUG] ServerLevel.addFreshEntity tagged death drop entityId=1650 owner=8f2ecf49-60e3-3c84-b5c7-945f8f24636d stack=64x minecraft:cobblestone [Cobblestone]
[07:03:12] [Server thread/INFO] (better_lost_items) [BLI DEBUG] Tagged death drop entityId=1651 owner=8f2ecf49-60e3-3c84-b5c7-945f8f24636d stack=64x minecraft:cobblestone [Cobblestone]
[07:03:12] [Server thread/INFO] (better_lost_items) [BLI DEBUG] ServerLevel.addFreshEntity tagged death drop entityId=1651 owner=8f2ecf49-60e3-3c84-b5c7-945f8f24636d stack=64x minecraft:cobblestone [Cobblestone]
[07:03:12] [Server thread/INFO] (better_lost_items) [BLI DEBUG] Tagged death drop entityId=1652 owner=8f2ecf49-60e3-3c84-b5c7-945f8f24636d stack=1x minecraft:bundle [Bundle]
[07:03:12] [Server thread/INFO] (better_lost_items) [BLI DEBUG] ServerLevel.addFreshEntity tagged death drop entityId=1652 owner=8f2ecf49-60e3-3c84-b5c7-945f8f24636d stack=1x minecraft:bundle [Bundle]
[07:03:12] [Server thread/INFO] (better_lost_items) [BLI DEBUG] Tagged death drop entityId=1653 owner=8f2ecf49-60e3-3c84-b5c7-945f8f24636d stack=4x minecraft:redstone [Redstone Dust]
[07:03:12] [Server thread/INFO] (better_lost_items) [BLI DEBUG] ServerLevel.addFreshEntity tagged death drop entityId=1653 owner=8f2ecf49-60e3-3c84-b5c7-945f8f24636d stack=4x minecraft:redstone [Redstone Dust]
[07:03:12] [Server thread/INFO] (better_lost_items) [BLI DEBUG] Stopping death-drop tracking for player 8f2ecf49-60e3-3c84-b5c7-945f8f24636d
[07:03:12] [Server thread/INFO] (Minecraft) [Player248: Killed Player248]
[07:03:12] [Render thread/INFO] (Minecraft) [System] [CHAT] Player248 was killed
[07:03:12] [Render thread/INFO] (Minecraft) [System] [CHAT] Killed Player248
[07:03:12] [Server thread/INFO] (better_lost_items) [BLI DEBUG] Storage addTrackedDeathChunk player=8f2ecf49-60e3-3c84-b5c7-945f8f24636d dimension=minecraft:overworld chunk=10,5
[07:03:12] [Server thread/INFO] (better_lost_items) [BLI DEBUG] Destroyed storing LOST entityId=1644 owner=8f2ecf49-60e3-3c84-b5c7-945f8f24636d source=cactus stack=1x minecraft:diamond_pickaxe [Diamond Pickaxe]
[07:03:12] [Server thread/INFO] (better_lost_items) [BLI DEBUG] Storage addPlayerLostItem player=8f2ecf49-60e3-3c84-b5c7-945f8f24636d stack=1x minecraft:diamond_pickaxe [Diamond Pickaxe]
[07:03:12] [Server thread/INFO] (better_lost_items) [BLI DEBUG] Destroyed storing LOST entityId=1647 owner=8f2ecf49-60e3-3c84-b5c7-945f8f24636d source=cactus stack=19x minecraft:cooked_beef [Steak]
[07:03:12] [Server thread/INFO] (better_lost_items) [BLI DEBUG] Storage addPlayerLostItem player=8f2ecf49-60e3-3c84-b5c7-945f8f24636d stack=19x minecraft:cooked_beef [Steak]
[07:03:12] [Server thread/INFO] (better_lost_items) [BLI DEBUG] Destroyed storing LOST entityId=1651 owner=8f2ecf49-60e3-3c84-b5c7-945f8f24636d source=cactus stack=64x minecraft:cobblestone [Cobblestone]
[07:03:12] [Server thread/INFO] (better_lost_items) [BLI DEBUG] Storage addPlayerLostItem player=8f2ecf49-60e3-3c84-b5c7-945f8f24636d stack=64x minecraft:cobblestone [Cobblestone]
[07:03:12] [Server thread/INFO] (better_lost_items) [BLI DEBUG] Destroyed storing LOST entityId=1645 owner=8f2ecf49-60e3-3c84-b5c7-945f8f24636d source=cactus stack=1x minecraft:diamond_sword [Diamond Sword]
[07:03:12] [Server thread/INFO] (better_lost_items) [BLI DEBUG] Storage addPlayerLostItem player=8f2ecf49-60e3-3c84-b5c7-945f8f24636d stack=1x minecraft:diamond_sword [Diamond Sword]
[07:03:12] [Server thread/INFO] (better_lost_items) [BLI DEBUG] Destroyed storing LOST entityId=1653 owner=8f2ecf49-60e3-3c84-b5c7-945f8f24636d source=cactus stack=4x minecraft:redstone [Redstone Dust]
[07:03:12] [Server thread/INFO] (better_lost_items) [BLI DEBUG] Storage addPlayerLostItem player=8f2ecf49-60e3-3c84-b5c7-945f8f24636d stack=4x minecraft:redstone [Redstone Dust]
[07:03:12] [Server thread/INFO] (better_lost_items) [BLI DEBUG] Destroyed storing LOST entityId=1650 owner=8f2ecf49-60e3-3c84-b5c7-945f8f24636d source=cactus stack=64x minecraft:cobblestone [Cobblestone]
[07:03:12] [Server thread/INFO] (better_lost_items) [BLI DEBUG] Storage addPlayerLostItem player=8f2ecf49-60e3-3c84-b5c7-945f8f24636d stack=64x minecraft:cobblestone [Cobblestone]
[07:03:12] [Server thread/INFO] (better_lost_items) [BLI DEBUG] Despawn storing UNCLAIMED entityId=355 age=6000 stack=1x minecraft:brown_egg [Brown Egg]
[07:03:12] [Server thread/INFO] (better_lost_items) [BLI DEBUG] Storage addUnclaimed stack=1x minecraft:brown_egg [Brown Egg]
[07:03:12] [Server thread/INFO] (better_lost_items) [BLI DEBUG] Destroyed storing LOST entityId=1646 owner=8f2ecf49-60e3-3c84-b5c7-945f8f24636d source=cactus stack=1x minecraft:diamond_axe [Diamond Axe]
[07:03:12] [Server thread/INFO] (better_lost_items) [BLI DEBUG] Storage addPlayerLostItem player=8f2ecf49-60e3-3c84-b5c7-945f8f24636d stack=1x minecraft:diamond_axe [Diamond Axe]
[07:03:13] [Server thread/INFO] (better_lost_items) [BLI DEBUG] Destroyed storing LOST entityId=1648 owner=8f2ecf49-60e3-3c84-b5c7-945f8f24636d source=cactus stack=64x minecraft:dirt [Dirt]
[07:03:13] [Server thread/INFO] (better_lost_items) [BLI DEBUG] Storage addPlayerLostItem player=8f2ecf49-60e3-3c84-b5c7-945f8f24636d stack=64x minecraft:dirt [Dirt]
[07:03:13] [Server thread/INFO] (better_lost_items) [BLI DEBUG] Destroyed storing LOST entityId=1649 owner=8f2ecf49-60e3-3c84-b5c7-945f8f24636d source=cactus stack=9x minecraft:dirt [Dirt]
[07:03:13] [Server thread/INFO] (better_lost_items) [BLI DEBUG] Storage addPlayerLostItem player=8f2ecf49-60e3-3c84-b5c7-945f8f24636d stack=9x minecraft:dirt [Dirt]
[07:03:13] [Server thread/INFO] (better_lost_items) [BLI DEBUG] ServerLevel.addFreshEntity tagged death drop entityId=1676 owner=8f2ecf49-60e3-3c84-b5c7-945f8f24636d stack=64x minecraft:cobblestone [Cobblestone]
[07:03:13] [Server thread/INFO] (better_lost_items) [BLI DEBUG] Destroyed storing LOST entityId=1652 owner=8f2ecf49-60e3-3c84-b5c7-945f8f24636d source=cactus stack=1x minecraft:bundle [Bundle]
[07:03:13] [Server thread/INFO] (better_lost_items) [BLI DEBUG] Storage addPlayerLostItem player=8f2ecf49-60e3-3c84-b5c7-945f8f24636d stack=1x minecraft:bundle [Bundle]
[07:03:23] [Render thread/INFO] (Minecraft) [System] [CHAT] Saved screenshot as 2026-04-11_07.03.22.png
[07:03:24] [Server thread/INFO] (better_lost_items) [BLI DEBUG] Despawn storing UNCLAIMED entityId=1682 age=6000 stack=1x minecraft:brown_egg [Brown Egg]
[07:03:24] [Server thread/INFO] (better_lost_items) [BLI DEBUG] Storage addUnclaimed stack=1x minecraft:brown_egg [Brown Egg]
[07:03:25] [Server thread/INFO] (better_lost_items) [BLI DEBUG] Destroyed storing LOST entityId=1993 owner=8f2ecf49-60e3-3c84-b5c7-945f8f24636d source=cactus stack=64x minecraft:cobblestone [Cobblestone]
[07:03:25] [Server thread/INFO] (better_lost_items) [BLI DEBUG] Storage addPlayerLostItem player=8f2ecf49-60e3-3c84-b5c7-945f8f24636d stack=64x minecraft:cobblestone [Cobblestone]
[07:03:25] [Server thread/INFO] (better_lost_items) [BLI DEBUG] Storage removeTrackedDeathChunk player=8f2ecf49-60e3-3c84-b5c7-945f8f24636d dimension=minecraft:overworld chunk=10,5
[07:03:26] [Server thread/INFO] (better_lost_items) [BLI DEBUG] Despawn storing UNCLAIMED entityId=1715 age=6000 stack=1x minecraft:brown_egg [Brown Egg]
[07:03:26] [Server thread/INFO] (better_lost_items) [BLI DEBUG] Storage addUnclaimed stack=1x minecraft:brown_egg [Brown Egg]
[07:03:33] [Server thread/INFO] (better_lost_items) [BLI DEBUG] openPreferredScreen trader=8136b8dc-e36d-43f2-9d9d-c439ba61f9a8 player=Player248 (8f2ecf49-60e3-3c84-b5c7-945f8f24636d) marketCount=0 recoveryCount=11 lockedSelection=true
[07:03:36] [Server thread/INFO] (better_lost_items) [BLI DEBUG] openPreferredScreen trader=8136b8dc-e36d-43f2-9d9d-c439ba61f9a8 player=Player248 (8f2ecf49-60e3-3c84-b5c7-945f8f24636d) marketCount=0 recoveryCount=11 lockedSelection=true
[07:03:41] [Server thread/INFO] (better_lost_items) [BLI DEBUG] openPreferredScreen trader=8136b8dc-e36d-43f2-9d9d-c439ba61f9a8 player=Player248 (8f2ecf49-60e3-3c84-b5c7-945f8f24636d) marketCount=0 recoveryCount=11 lockedSelection=true
[07:03:48] [Server thread/INFO] (Minecraft) Player248 has made the advancement [Monster Hunter]
[07:03:48] [Render thread/INFO] (Minecraft) [System] [CHAT] Player248 has made the advancement [Monster Hunter]
[07:03:48] [Render thread/INFO] (Minecraft) Loaded 109 advancements
[07:03:52] [Server thread/INFO] (better_lost_items) [BLI DEBUG] openPreferredScreen trader=8136b8dc-e36d-43f2-9d9d-c439ba61f9a8 player=Player248 (8f2ecf49-60e3-3c84-b5c7-945f8f24636d) marketCount=0 recoveryCount=11 lockedSelection=true
[07:03:53] [Server thread/INFO] (better_lost_items) [BLI DEBUG] openPreferredScreen trader=8136b8dc-e36d-43f2-9d9d-c439ba61f9a8 player=Player248 (8f2ecf49-60e3-3c84-b5c7-945f8f24636d) marketCount=0 recoveryCount=11 lockedSelection=true
[07:04:03] [Server thread/INFO] (better_lost_items) [BLI DEBUG] Despawn storing UNCLAIMED entityId=1680 age=6000 stack=1x minecraft:brown_egg [Brown Egg]
[07:04:03] [Server thread/INFO] (better_lost_items) [BLI DEBUG] Storage addUnclaimed stack=1x minecraft:brown_egg [Brown Egg]
[07:04:06] [Server thread/INFO] (better_lost_items) [BLI DEBUG] openPreferredScreen trader=8136b8dc-e36d-43f2-9d9d-c439ba61f9a8 player=Player248 (8f2ecf49-60e3-3c84-b5c7-945f8f24636d) marketCount=0 recoveryCount=11 lockedSelection=true
[07:04:07] [Server thread/INFO] (better_lost_items) [BLI DEBUG] movePlayerLostItemsToPurchased player=8f2ecf49-60e3-3c84-b5c7-945f8f24636d lostCount=11 purchasedCountBefore=0
[07:04:07] [Server thread/INFO] (better_lost_items) [BLI DEBUG] movePlayerLostItemsToPurchased player=8f2ecf49-60e3-3c84-b5c7-945f8f24636d purchasedCountAfter=11
[07:04:26] [Server thread/INFO] (better_lost_items) [BLI DEBUG] Despawn storing UNCLAIMED entityId=1836 age=6000 stack=1x minecraft:armadillo_scute [Armadillo Scute]
[07:04:26] [Server thread/INFO] (better_lost_items) [BLI DEBUG] Storage addUnclaimed stack=1x minecraft:armadillo_scute [Armadillo Scute]
[07:04:38] [Server thread/INFO] (Minecraft) Player248 was killed
[07:04:38] [Server thread/INFO] (better_lost_items) [BLI DEBUG] Starting death-drop tracking for player 8f2ecf49-60e3-3c84-b5c7-945f8f24636d cause=genericKill
[07:04:38] [Server thread/INFO] (better_lost_items) [BLI DEBUG] Tagged death drop entityId=3091 owner=8f2ecf49-60e3-3c84-b5c7-945f8f24636d stack=1x minecraft:diamond_sword [Diamond Sword]
[07:04:38] [Server thread/INFO] (better_lost_items) [BLI DEBUG] ServerLevel.addFreshEntity tagged death drop entityId=3091 owner=8f2ecf49-60e3-3c84-b5c7-945f8f24636d stack=1x minecraft:diamond_sword [Diamond Sword]
[07:04:38] [Server thread/INFO] (better_lost_items) [BLI DEBUG] Tagged death drop entityId=3092 owner=8f2ecf49-60e3-3c84-b5c7-945f8f24636d stack=1x minecraft:diamond_pickaxe [Diamond Pickaxe]
[07:04:38] [Server thread/INFO] (better_lost_items) [BLI DEBUG] ServerLevel.addFreshEntity tagged death drop entityId=3092 owner=8f2ecf49-60e3-3c84-b5c7-945f8f24636d stack=1x minecraft:diamond_pickaxe [Diamond Pickaxe]
[07:04:38] [Server thread/INFO] (better_lost_items) [BLI DEBUG] Tagged death drop entityId=3093 owner=8f2ecf49-60e3-3c84-b5c7-945f8f24636d stack=1x minecraft:diamond_axe [Diamond Axe]
[07:04:38] [Server thread/INFO] (better_lost_items) [BLI DEBUG] ServerLevel.addFreshEntity tagged death drop entityId=3093 owner=8f2ecf49-60e3-3c84-b5c7-945f8f24636d stack=1x minecraft:diamond_axe [Diamond Axe]
[07:04:38] [Server thread/INFO] (better_lost_items) [BLI DEBUG] Tagged death drop entityId=3094 owner=8f2ecf49-60e3-3c84-b5c7-945f8f24636d stack=4x minecraft:redstone [Redstone Dust]
[07:04:38] [Server thread/INFO] (better_lost_items) [BLI DEBUG] ServerLevel.addFreshEntity tagged death drop entityId=3094 owner=8f2ecf49-60e3-3c84-b5c7-945f8f24636d stack=4x minecraft:redstone [Redstone Dust]
[07:04:38] [Server thread/INFO] (better_lost_items) [BLI DEBUG] Tagged death drop entityId=3095 owner=8f2ecf49-60e3-3c84-b5c7-945f8f24636d stack=19x minecraft:cooked_beef [Steak]
[07:04:38] [Server thread/INFO] (better_lost_items) [BLI DEBUG] ServerLevel.addFreshEntity tagged death drop entityId=3095 owner=8f2ecf49-60e3-3c84-b5c7-945f8f24636d stack=19x minecraft:cooked_beef [Steak]
[07:04:38] [Server thread/INFO] (better_lost_items) [BLI DEBUG] Tagged death drop entityId=3096 owner=8f2ecf49-60e3-3c84-b5c7-945f8f24636d stack=64x minecraft:dirt [Dirt]
[07:04:38] [Server thread/INFO] (better_lost_items) [BLI DEBUG] ServerLevel.addFreshEntity tagged death drop entityId=3096 owner=8f2ecf49-60e3-3c84-b5c7-945f8f24636d stack=64x minecraft:dirt [Dirt]
[07:04:38] [Server thread/INFO] (better_lost_items) [BLI DEBUG] Tagged death drop entityId=3097 owner=8f2ecf49-60e3-3c84-b5c7-945f8f24636d stack=9x minecraft:dirt [Dirt]
[07:04:38] [Server thread/INFO] (better_lost_items) [BLI DEBUG] ServerLevel.addFreshEntity tagged death drop entityId=3097 owner=8f2ecf49-60e3-3c84-b5c7-945f8f24636d stack=9x minecraft:dirt [Dirt]
[07:04:38] [Server thread/INFO] (better_lost_items) [BLI DEBUG] Tagged death drop entityId=3098 owner=8f2ecf49-60e3-3c84-b5c7-945f8f24636d stack=64x minecraft:cobblestone [Cobblestone]
[07:04:38] [Server thread/INFO] (better_lost_items) [BLI DEBUG] ServerLevel.addFreshEntity tagged death drop entityId=3098 owner=8f2ecf49-60e3-3c84-b5c7-945f8f24636d stack=64x minecraft:cobblestone [Cobblestone]
[07:04:38] [Server thread/INFO] (better_lost_items) [BLI DEBUG] Tagged death drop entityId=3099 owner=8f2ecf49-60e3-3c84-b5c7-945f8f24636d stack=64x minecraft:cobblestone [Cobblestone]
[07:04:38] [Server thread/INFO] (better_lost_items) [BLI DEBUG] ServerLevel.addFreshEntity tagged death drop entityId=3099 owner=8f2ecf49-60e3-3c84-b5c7-945f8f24636d stack=64x minecraft:cobblestone [Cobblestone]
[07:04:38] [Server thread/INFO] (better_lost_items) [BLI DEBUG] Tagged death drop entityId=3100 owner=8f2ecf49-60e3-3c84-b5c7-945f8f24636d stack=64x minecraft:cobblestone [Cobblestone]
[07:04:38] [Server thread/INFO] (better_lost_items) [BLI DEBUG] ServerLevel.addFreshEntity tagged death drop entityId=3100 owner=8f2ecf49-60e3-3c84-b5c7-945f8f24636d stack=64x minecraft:cobblestone [Cobblestone]
[07:04:38] [Server thread/INFO] (better_lost_items) [BLI DEBUG] Tagged death drop entityId=3101 owner=8f2ecf49-60e3-3c84-b5c7-945f8f24636d stack=1x minecraft:bundle [Bundle]
[07:04:38] [Server thread/INFO] (better_lost_items) [BLI DEBUG] ServerLevel.addFreshEntity tagged death drop entityId=3101 owner=8f2ecf49-60e3-3c84-b5c7-945f8f24636d stack=1x minecraft:bundle [Bundle]
[07:04:38] [Render thread/INFO] (Minecraft) [System] [CHAT] Player248 was killed
[07:04:38] [Server thread/INFO] (better_lost_items) [BLI DEBUG] Stopping death-drop tracking for player 8f2ecf49-60e3-3c84-b5c7-945f8f24636d
[07:04:38] [Server thread/INFO] (Minecraft) [Player248: Killed Player248]
[07:04:38] [Render thread/INFO] (Minecraft) [System] [CHAT] Killed Player248
[07:04:38] [Server thread/INFO] (better_lost_items) [BLI DEBUG] Storage addTrackedDeathChunk player=8f2ecf49-60e3-3c84-b5c7-945f8f24636d dimension=minecraft:overworld chunk=10,5
[07:04:38] [Server thread/INFO] (better_lost_items) [BLI DEBUG] Destroyed storing LOST entityId=3092 owner=8f2ecf49-60e3-3c84-b5c7-945f8f24636d source=cactus stack=1x minecraft:diamond_pickaxe [Diamond Pickaxe]
[07:04:38] [Server thread/INFO] (better_lost_items) [BLI DEBUG] Storage addPlayerLostItem player=8f2ecf49-60e3-3c84-b5c7-945f8f24636d stack=1x minecraft:diamond_pickaxe [Diamond Pickaxe]
[07:04:38] [Server thread/INFO] (better_lost_items) [BLI DEBUG] Destroyed storing LOST entityId=3094 owner=8f2ecf49-60e3-3c84-b5c7-945f8f24636d source=cactus stack=4x minecraft:redstone [Redstone Dust]
[07:04:38] [Server thread/INFO] (better_lost_items) [BLI DEBUG] Storage addPlayerLostItem player=8f2ecf49-60e3-3c84-b5c7-945f8f24636d stack=4x minecraft:redstone [Redstone Dust]
[07:04:38] [Server thread/INFO] (better_lost_items) [BLI DEBUG] Destroyed storing LOST entityId=3095 owner=8f2ecf49-60e3-3c84-b5c7-945f8f24636d source=cactus stack=19x minecraft:cooked_beef [Steak]
[07:04:38] [Server thread/INFO] (better_lost_items) [BLI DEBUG] Storage addPlayerLostItem player=8f2ecf49-60e3-3c84-b5c7-945f8f24636d stack=19x minecraft:cooked_beef [Steak]
[07:04:38] [Server thread/INFO] (better_lost_items) [BLI DEBUG] Destroyed storing LOST entityId=3098 owner=8f2ecf49-60e3-3c84-b5c7-945f8f24636d source=cactus stack=64x minecraft:cobblestone [Cobblestone]
[07:04:38] [Server thread/INFO] (better_lost_items) [BLI DEBUG] Storage addPlayerLostItem player=8f2ecf49-60e3-3c84-b5c7-945f8f24636d stack=64x minecraft:cobblestone [Cobblestone]
[07:04:38] [Server thread/INFO] (better_lost_items) [BLI DEBUG] Destroyed storing LOST entityId=3096 owner=8f2ecf49-60e3-3c84-b5c7-945f8f24636d source=cactus stack=64x minecraft:dirt [Dirt]
[07:04:38] [Server thread/INFO] (better_lost_items) [BLI DEBUG] Storage addPlayerLostItem player=8f2ecf49-60e3-3c84-b5c7-945f8f24636d stack=64x minecraft:dirt [Dirt]
[07:04:38] [Server thread/INFO] (better_lost_items) [BLI DEBUG] ServerLevel.addFreshEntity tagged death drop entityId=3115 owner=8f2ecf49-60e3-3c84-b5c7-945f8f24636d stack=54x minecraft:emerald [Emerald]
[07:04:38] [Server thread/INFO] (better_lost_items) [BLI DEBUG] Destroyed storing LOST entityId=3101 owner=8f2ecf49-60e3-3c84-b5c7-945f8f24636d source=cactus stack=1x minecraft:bundle [Bundle]
[07:04:38] [Server thread/INFO] (better_lost_items) [BLI DEBUG] Storage addPlayerLostItem player=8f2ecf49-60e3-3c84-b5c7-945f8f24636d stack=1x minecraft:bundle [Bundle]
[07:04:38] [Server thread/INFO] (better_lost_items) [BLI DEBUG] Destroyed storing LOST entityId=3091 owner=8f2ecf49-60e3-3c84-b5c7-945f8f24636d source=cactus stack=1x minecraft:diamond_sword [Diamond Sword]
[07:04:38] [Server thread/INFO] (better_lost_items) [BLI DEBUG] Storage addPlayerLostItem player=8f2ecf49-60e3-3c84-b5c7-945f8f24636d stack=1x minecraft:diamond_sword [Diamond Sword]
[07:04:38] [Server thread/INFO] (better_lost_items) [BLI DEBUG] Destroyed storing LOST entityId=3093 owner=8f2ecf49-60e3-3c84-b5c7-945f8f24636d source=cactus stack=1x minecraft:diamond_axe [Diamond Axe]
[07:04:38] [Server thread/INFO] (better_lost_items) [BLI DEBUG] Storage addPlayerLostItem player=8f2ecf49-60e3-3c84-b5c7-945f8f24636d stack=1x minecraft:diamond_axe [Diamond Axe]
[07:04:38] [Server thread/INFO] (better_lost_items) [BLI DEBUG] Destroyed storing LOST entityId=3097 owner=8f2ecf49-60e3-3c84-b5c7-945f8f24636d source=cactus stack=9x minecraft:dirt [Dirt]
[07:04:38] [Server thread/INFO] (better_lost_items) [BLI DEBUG] Storage addPlayerLostItem player=8f2ecf49-60e3-3c84-b5c7-945f8f24636d stack=9x minecraft:dirt [Dirt]
[07:04:38] [Server thread/INFO] (better_lost_items) [BLI DEBUG] Destroyed storing LOST entityId=3100 owner=8f2ecf49-60e3-3c84-b5c7-945f8f24636d source=cactus stack=64x minecraft:cobblestone [Cobblestone]
[07:04:38] [Server thread/INFO] (better_lost_items) [BLI DEBUG] Storage addPlayerLostItem player=8f2ecf49-60e3-3c84-b5c7-945f8f24636d stack=64x minecraft:cobblestone [Cobblestone]
[07:04:38] [Server thread/INFO] (better_lost_items) [BLI DEBUG] Destroyed storing LOST entityId=3099 owner=8f2ecf49-60e3-3c84-b5c7-945f8f24636d source=cactus stack=64x minecraft:cobblestone [Cobblestone]
[07:04:38] [Server thread/INFO] (better_lost_items) [BLI DEBUG] Storage addPlayerLostItem player=8f2ecf49-60e3-3c84-b5c7-945f8f24636d stack=64x minecraft:cobblestone [Cobblestone]
[07:04:38] [Server thread/INFO] (better_lost_items) [BLI DEBUG] Destroyed storing LOST entityId=3115 owner=8f2ecf49-60e3-3c84-b5c7-945f8f24636d source=cactus stack=54x minecraft:emerald [Emerald]
[07:04:38] [Server thread/INFO] (better_lost_items) [BLI DEBUG] Storage addPlayerLostItem player=8f2ecf49-60e3-3c84-b5c7-945f8f24636d stack=54x minecraft:emerald [Emerald]
[07:04:38] [Server thread/INFO] (better_lost_items) [BLI DEBUG] Storage removeTrackedDeathChunk player=8f2ecf49-60e3-3c84-b5c7-945f8f24636d dimension=minecraft:overworld chunk=10,5
[07:04:45] [Server thread/INFO] (better_lost_items) [BLI DEBUG] openPreferredScreen trader=8136b8dc-e36d-43f2-9d9d-c439ba61f9a8 player=Player248 (8f2ecf49-60e3-3c84-b5c7-945f8f24636d) marketCount=0 recoveryCount=12 lockedSelection=true
[07:04:52] [Render thread/INFO] (Minecraft) [System] [CHAT] Saved screenshot as 2026-04-11_07.04.52.png
[07:05:00] [Server thread/INFO] (better_lost_items) [BLI DEBUG] Despawn storing UNCLAIMED entityId=3523 age=6000 stack=1x minecraft:brown_egg [Brown Egg]
[07:05:00] [Server thread/INFO] (better_lost_items) [BLI DEBUG] Storage addUnclaimed stack=1x minecraft:brown_egg [Brown Egg]
[07:05:05] [Server thread/INFO] (better_lost_items) [BLI DEBUG] movePlayerLostItemsToPurchased player=8f2ecf49-60e3-3c84-b5c7-945f8f24636d lostCount=12 purchasedCountBefore=0
[07:05:05] [Server thread/INFO] (better_lost_items) [BLI DEBUG] movePlayerLostItemsToPurchased player=8f2ecf49-60e3-3c84-b5c7-945f8f24636d purchasedCountAfter=12
[07:05:07] [Server thread/INFO] (better_lost_items) [BLI DEBUG] Despawn storing UNCLAIMED entityId=3494 age=6000 stack=1x minecraft:brown_egg [Brown Egg]
[07:05:07] [Server thread/INFO] (better_lost_items) [BLI DEBUG] Storage addUnclaimed stack=1x minecraft:brown_egg [Brown Egg]
[07:05:08] [Render thread/INFO] (Minecraft) [System] [CHAT] Saved screenshot as 2026-04-11_07.05.08.png
[07:05:20] [Render thread/INFO] (Minecraft) [System] [CHAT] Saved screenshot as 2026-04-11_07.05.19.png
[07:06:41] [Server thread/INFO] (better_lost_items) [BLI DEBUG] Despawn storing UNCLAIMED entityId=3146 age=6000 stack=1x minecraft:brown_egg [Brown Egg]
[07:06:41] [Server thread/INFO] (better_lost_items) [BLI DEBUG] Storage addUnclaimed stack=1x minecraft:brown_egg [Brown Egg]
[07:06:42] [Server thread/INFO] (better_lost_items) [BLI DEBUG] Despawn storing UNCLAIMED entityId=3125 age=6000 stack=1x minecraft:brown_egg [Brown Egg]
[07:06:42] [Server thread/INFO] (better_lost_items) [BLI DEBUG] Storage addUnclaimed stack=1x minecraft:brown_egg [Brown Egg]
[07:06:45] [Server thread/INFO] (better_lost_items) [BLI DEBUG] Despawn storing UNCLAIMED entityId=3682 age=6000 stack=1x minecraft:armadillo_scute [Armadillo Scute]
[07:06:45] [Server thread/INFO] (better_lost_items) [BLI DEBUG] Storage addUnclaimed stack=1x minecraft:armadillo_scute [Armadillo Scute]
[07:07:28] [Server thread/INFO] (better_lost_items) [BLI DEBUG] Despawn storing UNCLAIMED entityId=3122 age=6000 stack=1x minecraft:brown_egg [Brown Egg]
[07:07:28] [Server thread/INFO] (better_lost_items) [BLI DEBUG] Storage addUnclaimed stack=1x minecraft:brown_egg [Brown Egg]
[07:07:30] [Render thread/INFO] (Minecraft) Loaded 116 advancements
[07:07:56] [Render thread/INFO] (Minecraft) Loaded 116 advancements
[07:08:11] [Server thread/INFO] (better_lost_items) [BLI DEBUG] Despawn storing UNCLAIMED entityId=3293 age=6000 stack=1x minecraft:armadillo_scute [Armadillo Scute]
[07:08:11] [Server thread/INFO] (better_lost_items) [BLI DEBUG] Storage addUnclaimed stack=1x minecraft:armadillo_scute [Armadillo Scute]
[07:08:39] [Server thread/INFO] (better_lost_items) [BLI DEBUG] Despawn storing UNCLAIMED entityId=3287 age=6000 stack=1x minecraft:armadillo_scute [Armadillo Scute]
[07:08:39] [Server thread/INFO] (better_lost_items) [BLI DEBUG] Storage addUnclaimed stack=1x minecraft:armadillo_scute [Armadillo Scute]
[07:08:42] [Server thread/INFO] (better_lost_items) [BLI DEBUG] Despawn storing UNCLAIMED entityId=3525 age=6000 stack=1x minecraft:brown_egg [Brown Egg]
[07:08:42] [Server thread/INFO] (better_lost_items) [BLI DEBUG] Storage addUnclaimed stack=1x minecraft:brown_egg [Brown Egg]
[07:08:54] [Server thread/INFO] (better_lost_items) [BLI DEBUG] Despawn storing UNCLAIMED entityId=3174 age=6000 stack=1x minecraft:brown_egg [Brown Egg]
[07:08:54] [Server thread/INFO] (better_lost_items) [BLI DEBUG] Storage addUnclaimed stack=1x minecraft:brown_egg [Brown Egg]
[07:09:15] [Server thread/INFO] (better_lost_items) [BLI DEBUG] Despawn storing UNCLAIMED entityId=3282 age=6000 stack=1x minecraft:armadillo_scute [Armadillo Scute]
[07:09:15] [Server thread/INFO] (better_lost_items) [BLI DEBUG] Storage addUnclaimed stack=1x minecraft:armadillo_scute [Armadillo Scute]
[07:09:15] [Server thread/INFO] (Minecraft) Saving and pausing game...
[07:09:15] [Server thread/INFO] (Minecraft) Saving chunks for level 'ServerLevel[Test]'/minecraft:overworld
[07:09:15] [Server thread/INFO] (Minecraft) Saving chunks for level 'ServerLevel[Test]'/minecraft:the_end
[07:09:15] [Server thread/INFO] (Minecraft) Saving chunks for level 'ServerLevel[Test]'/minecraft:the_nether
[07:09:16] [Server thread/INFO] (Minecraft) Stopping server
[07:09:16] [Server thread/INFO] (Minecraft) Saving players
[07:09:16] [Server thread/INFO] (Minecraft) Player248 lost connection: Disconnected
[07:09:16] [Server thread/INFO] (Minecraft) Player248 left the game
[07:09:16] [Server thread/INFO] (Minecraft) Stopping singleplayer server as player logged out
[07:09:16] [Server thread/INFO] (Minecraft) Saving worlds
[07:09:16] [Server thread/INFO] (Minecraft) Saving chunks for level 'ServerLevel[Test]'/minecraft:overworld
[07:09:16] [Server thread/INFO] (Minecraft) Saving chunks for level 'ServerLevel[Test]'/minecraft:the_end
[07:09:16] [Server thread/INFO] (Minecraft) Saving chunks for level 'ServerLevel[Test]'/minecraft:the_nether
[07:09:16] [Server thread/INFO] (Minecraft) ThreadedAnvilChunkStorage (world): All chunks are saved
[07:09:16] [Server thread/INFO] (Minecraft) ThreadedAnvilChunkStorage (DIM1): All chunks are saved
[07:09:16] [Server thread/INFO] (Minecraft) ThreadedAnvilChunkStorage (DIM-1): All chunks are saved
[07:09:16] [Server thread/INFO] (Minecraft) ThreadedAnvilChunkStorage: All dimensions are saved
[07:09:17] [Render thread/INFO] (Minecraft) Stopping!
